// Jest Snapshot v1, https://goo.gl/fbAQLP

exports[`renders correctly 1`] = `
<div
  className="tiles-wrapper"
  style={
    Object {
      "height": "256px",
      "transform": "scale(1)",
      "width": "256px",
    }
  }
>
  <div
    className="tiles "
  >
    <img
      alt="tile"
      src="https://via.placeholder.com/256"
      style={
        Object {
          "left": "256px",
          "position": "absolute",
          "top": "256px",
        }
      }
    />
  </div>
  <div
    className="tiles "
  >
    <img
      alt="tile"
      src="https://via.placeholder.com/256"
      style={
        Object {
          "left": "256px",
          "position": "absolute",
          "top": "256px",
        }
      }
    />
  </div>
</div>
`;
